========================================================
  QUICK TEST  •  Thu Apr  2 05:50:16 AM +03 2026
  Models: 8  |  Datasets: 4  |  Samples/dataset: 3
  GPUs: 16
  Datasets: RSVLM-QA, DisasterM3, RSVQA-HR, EarthVQA
  Output: results_test/
========================================================
🔄 Activating vlm_env_main
python: can't open file '/home/aiserver/Documents/opensource/VLM-execution-on-datasets/multi_gpu_runner.py': [Errno 2] No such file or directory

========================================================
  ✅  QUICK TEST DONE  •  Thu Apr  2 05:50:16 AM +03 2026
  Check results_test/ for output files

  Next steps:
    1) Review results_test/*.json
    2) git add . && git commit -m 'quick test results' && git push
    3) Share results with Claude for analysis
========================================================
